[36mvite v8.0.6 [32mbuilding client environment for production...[36m[39m
[2K
transforming...Γ£ô 2548 modules transformed.
rendering chunks...
computing gzip size...
dist/index.html                                 1.94 kB Γöé gzip:   0.73 kB
dist/assets/AdminDashboard-DnSRDFG-.css         0.68 kB Γöé gzip:   0.36 kB
dist/assets/AQIBadge-CmLkjEbg.css               0.77 kB Γöé gzip:   0.28 kB
dist/assets/Spinner-CVepb6_Q.css                0.83 kB Γöé gzip:   0.42 kB
dist/assets/Badge-Cob4gzxF.css                  1.06 kB Γöé gzip:   0.49 kB
dist/assets/NotFound-Ddltg_l0.css               1.20 kB Γöé gzip:   0.53 kB
dist/assets/MapView-DnPFuWey.css                1.26 kB Γöé gzip:   0.53 kB
dist/assets/useStationHistory-y8NGwPw5.css      1.47 kB Γöé gzip:   0.53 kB
dist/assets/MetricCard-GyHyZ0-B.css             1.65 kB Γöé gzip:   0.66 kB
dist/assets/Button-COVVYryU.css                 2.00 kB Γöé gzip:   0.71 kB
dist/assets/Ranking-CIWz6eOS.css                2.17 kB Γöé gzip:   0.74 kB
dist/assets/Login-Dzhy50LN.css                  3.20 kB Γöé gzip:   1.13 kB
dist/assets/StationDetail-EiOzWy7O.css          3.23 kB Γöé gzip:   0.91 kB
dist/assets/Dashboard-DCBp7352.css              4.30 kB Γöé gzip:   1.10 kB
dist/assets/index-C0DmRBdn.css                 13.92 kB Γöé gzip:   3.53 kB
dist/assets/AQIMap-DfbZHBjz.css                15.69 kB Γöé gzip:   6.57 kB
dist/assets/useTelemetryStore-Ddd3HYqw.js       0.35 kB Γöé gzip:   0.22 kB
dist/assets/radio-BHGJPufo.js                   0.37 kB Γöé gzip:   0.25 kB
dist/assets/stationService-BJt63hKC.js          0.38 kB Γöé gzip:   0.24 kB
dist/assets/trophy-Bah6EKUw.js                  0.47 kB Γöé gzip:   0.27 kB
dist/assets/useDashboard-D8lbd_tA.js            0.55 kB Γöé gzip:   0.37 kB
dist/assets/triangle-alert-Cw9Nf8z-.js          0.56 kB Γöé gzip:   0.31 kB
dist/assets/react-DxhWRnFi.js                   0.65 kB Γöé gzip:   0.40 kB
dist/assets/Badge-CISuxozT.js                   0.70 kB Γöé gzip:   0.43 kB
dist/assets/useAuthStore-oXdH9pmX.js            0.75 kB Γöé gzip:   0.40 kB
dist/assets/NotFound-CdPls2oj.js                0.81 kB Γöé gzip:   0.42 kB
dist/assets/Button-qJOtioEH.js                  0.84 kB Γöé gzip:   0.46 kB
dist/assets/Spinner-BeGOs2PT.js                 0.87 kB Γöé gzip:   0.41 kB
dist/assets/AdminDashboard-yxbW0HBN.js          1.25 kB Γöé gzip:   0.65 kB
dist/assets/MetricCard-PWazs7a2.js              1.37 kB Γöé gzip:   0.71 kB
dist/assets/createLucideIcon-BJjo9Xcu.js        1.38 kB Γöé gzip:   0.77 kB
dist/assets/MapView-C34xJsEe.js                 1.42 kB Γöé gzip:   0.60 kB
dist/assets/AQIBadge-B51eE9ZO.js                1.79 kB Γöé gzip:   0.95 kB
dist/assets/Ranking-BFRCbnzT.js                 2.72 kB Γöé gzip:   1.08 kB
dist/assets/Login-kIUmRkGL.js                   3.10 kB Γöé gzip:   1.34 kB
dist/assets/react-dom-BWWCINXi.js               3.54 kB Γöé gzip:   1.34 kB
dist/assets/StationDetail-Cnt-71R_.js           5.63 kB Γöé gzip:   2.24 kB
dist/assets/formatters-g9_vGY4N.js             10.15 kB Γöé gzip:   4.24 kB
dist/assets/Dashboard-BqaON6C9.js              10.94 kB Γöé gzip:   4.22 kB
dist/assets/jsx-runtime-BJKAPma_.js            13.67 kB Γöé gzip:   5.48 kB
dist/assets/api-Pa9cH2CK.js                    37.80 kB Γöé gzip:  15.12 kB
dist/assets/chunk-QFMPRPBF-DQkSN7Jn.js         41.48 kB Γöé gzip:  14.66 kB
dist/assets/AQIMap-Dq23egG5.js                154.91 kB Γöé gzip:  45.72 kB
dist/assets/index-Cv_Gh5V8.js                 293.93 kB Γöé gzip:  93.98 kB
dist/assets/useStationHistory-C8ngYmqb.js   1,129.42 kB Γöé gzip: 370.82 kB

node.exe : [33m[plugin 
builtin:vite-reporter] 
At line:1 char:1
+ & "C:\Program Files\nodejs/node.exe" 
"C:\Program Files\nodejs/node_mo ...
+ ~~~~~~~~~~~~~~~~~~~~~~~~~~~~~~~~~~~~~~~~
~~~~~~~~~~~~~~~~~~~~~~~~~~~~~
    + CategoryInfo          : NotSpecifie 
   d: ([33m[plugin builtin:vite-reporte  
  r] :String) [], RemoteException
    + FullyQualifiedErrorId : NativeComma 
   ndError
 
(!) Some chunks are larger than 500 kB 
after minification. Consider:
- Using dynamic import() to code-split 
the application
- Use build.rolldownOptions.output.codeSpl
itting to improve chunking: https://rolldo
wn.rs/reference/OutputOptions.codeSplittin
g
- Adjust chunk size limit for this 
warning via 
build.chunkSizeWarningLimit.[39m
[31mΓ£ù[39m Build failed in 648ms
[31merror during build:
[31mBuild failed with 1 error:

Error: [vite]: Rolldown failed to resolve 
import "tslib" from "D:/datn/frontend/node
_modules/echarts-for-react/esm/index.js".
This is most likely unintended because it 
can break your application at runtime.
If you do want to externalize this module 
explicitly add it to
`build.rollupOptions.external`
    at viteLog (file:///D:/datn/frontend/n
ode_modules/vite/dist/node/chunks/node.js:
33047:57)
    at file:///D:/datn/frontend/node_modul
es/vite/dist/node/chunks/node.js:33083:71
    at onwarn (file:///D:/datn/frontend/no
de_modules/@vitejs/plugin-react/dist/index
.js:40:7)
    at file:///D:/datn/frontend/node_modul
es/vite/dist/node/chunks/node.js:33083:28
    at onRollupLog (file:///D:/datn/fronte
nd/node_modules/vite/dist/node/chunks/node
.js:33078:63)
    at onLog (file:///D:/datn/frontend/nod
e_modules/vite/dist/node/chunks/node.js:32
847:4)
    at file:///D:/datn/frontend/node_modul
es/rolldown/dist/shared/rolldown-build-hRn
qgxyz.mjs:50:26
    at logger (file:///D:/datn/frontend/no
de_modules/rolldown/dist/shared/rolldown-b
uild-hRnqgxyz.mjs:41:3)
    at onLog (file:///D:/datn/frontend/nod
e_modules/rolldown/dist/shared/bindingify-
input-options-4E8MEYg4.mjs:2015:32)[31m
    at aggregateBindingErrorsIntoJsError (
file:///D:/datn/frontend/node_modules/roll
down/dist/shared/error-DBGOT6sf.mjs:48:18)
    at unwrapBindingResult (file:///D:/dat
n/frontend/node_modules/rolldown/dist/shar
ed/error-DBGOT6sf.mjs:18:128)
    at #build (file:///D:/datn/frontend/no
de_modules/rolldown/dist/shared/rolldown-b
uild-hRnqgxyz.mjs:3313:34)
    at async buildEnvironment (file:///D:/
datn/frontend/node_modules/vite/dist/node/
chunks/node.js:32954:64)
    at async Object.build (file:///D:/datn
/frontend/node_modules/vite/dist/node/chun
ks/node.js:33376:19)
    at async Object.buildApp (file:///D:/d
atn/frontend/node_modules/vite/dist/node/c
hunks/node.js:33373:153)
    at async CAC.<anonymous> (file:///D:/d
atn/frontend/node_modules/vite/dist/node/c
li.js:778:3) {
  errors: [Getter/Setter]
}[39m
