\BOOKMARK [0][-]{chapter.1}{\376\377\000G\000I\036\332\000I\000\040\000T\000H\000I\036\306\000U\000\040\001\020\036\300\000\040\000T\000\300\000I}{}% 1
\BOOKMARK [1][-]{section.1.1}{\376\377\001\020\036\267\000t\000\040\000v\036\245\000n\000\040\001\021\036\301}{chapter.1}% 2
\BOOKMARK [1][-]{section.1.2}{\376\377\000M\036\345\000c\000\040\000t\000i\000\352\000u\000\040\000v\000\340\000\040\000p\000h\036\241\000m\000\040\000v\000i\000\040\001\021\036\301\000\040\000t\000\340\000i}{chapter.1}% 3
\BOOKMARK [1][-]{section.1.3}{\376\377\001\020\036\313\000n\000h\000\040\000h\001\260\036\333\000n\000g\000\040\000g\000i\036\243\000i\000\040\000p\000h\000\341\000p}{chapter.1}% 4
\BOOKMARK [1][-]{section.1.4}{\376\377\000B\036\321\000\040\000c\036\345\000c\000\040\001\021\036\323\000\040\000\341\000n}{chapter.1}% 5
\BOOKMARK [0][-]{chapter.2}{\376\377\000K\000H\036\242\000O\000\040\000S\000\301\000T\000\040\000V\000\300\000\040\000P\000H\000\302\000N\000\040\000T\000\315\000C\000H\000\040\000Y\000\312\000U\000\040\000C\036\246\000U}{}% 6
\BOOKMARK [1][-]{section.2.1}{\376\377\000K\000h\036\243\000o\000\040\000s\000\341\000t\000\040\000h\000i\036\307\000n\000\040\000t\000r\036\241\000n\000g}{chapter.2}% 7
\BOOKMARK [2][-]{subsection.2.1.1}{\376\377\000P\000A\000M\000\040\000A\000i\000r}{section.2.1}% 8
\BOOKMARK [2][-]{subsection.2.1.2}{\376\377\000I\000Q\000A\000i\000r\000\040\000A\000i\000r\000V\000i\000s\000u\000a\000l}{section.2.1}% 9
\BOOKMARK [2][-]{subsection.2.1.3}{\376\377\000P\000u\000r\000p\000l\000e\000A\000i\000r}{section.2.1}% 10
\BOOKMARK [2][-]{subsection.2.1.4}{\376\377\000H\036\307\000\040\000t\000h\036\321\000n\000g\000\040\000q\000u\000a\000n\000\040\000t\000r\036\257\000c\000\040\000q\000u\036\321\000c\000\040\000g\000i\000a\000\040\000V\000N\000-\000A\000Q\000I}{section.2.1}% 11
\BOOKMARK [2][-]{subsection.2.1.5}{\376\377\000S\000o\000\040\000s\000\341\000n\000h\000\040\000v\000\340\000\040\001\021\000\341\000n\000h\000\040\000g\000i\000\341\000\040\000t\036\325\000n\000g\000\040\000h\036\343\000p}{section.2.1}% 12
\BOOKMARK [1][-]{section.2.2}{\376\377\000T\036\325\000n\000g\000\040\000q\000u\000a\000n\000\040\000c\000h\036\351\000c\000\040\000n\001\003\000n\000g}{chapter.2}% 13
\BOOKMARK [2][-]{subsection.2.2.1}{\376\377\000B\000i\036\303\000u\000\040\001\021\036\323\000\040\000u\000s\000e\000\040\000c\000a\000s\000e\000\040\000t\036\325\000n\000g\000\040\000q\000u\000\341\000t}{section.2.2}% 14
\BOOKMARK [2][-]{subsection.2.2.2}{\376\377\000B\000i\036\303\000u\000\040\001\021\036\323\000\040\000u\000s\000e\000\040\000c\000a\000s\000e\000\040\000p\000h\000\342\000n\000\040\000r\000\343\000\040\000n\000h\000\363\000m\000\040\000c\000h\036\351\000c\000\040\000n\001\003\000n\000g\000\040\000N\000g\001\260\036\335\000i\000\040\000d\000\371\000n\000g}{section.2.2}% 15
\BOOKMARK [2][-]{subsection.2.2.3}{\376\377\000B\000i\036\303\000u\000\040\001\021\036\323\000\040\000u\000s\000e\000\040\000c\000a\000s\000e\000\040\000p\000h\000\342\000n\000\040\000r\000\343\000\040\000n\000h\000\363\000m\000\040\000c\000h\036\351\000c\000\040\000n\001\003\000n\000g\000\040\000Q\000u\036\243\000n\000\040\000t\000r\036\313}{section.2.2}% 16
\BOOKMARK [2][-]{subsection.2.2.4}{\376\377\000Q\000u\000y\000\040\000t\000r\000\354\000n\000h\000\040\000n\000g\000h\000i\036\307\000p\000\040\000v\036\345}{section.2.2}% 17
\BOOKMARK [1][-]{section.2.3}{\376\377\001\020\036\267\000c\000\040\000t\036\243\000\040\000c\000h\036\351\000c\000\040\000n\001\003\000n\000g}{chapter.2}% 18
\BOOKMARK [2][-]{subsection.2.3.1}{\376\377\001\020\036\267\000c\000\040\000t\036\243\000\040\000u\000s\000e\000\040\000c\000a\000s\000e\000\040\000X\000e\000m\000\040\000d\000a\000s\000h\000b\000o\000a\000r\000d\000\040\000c\000h\036\245\000t\000\040\000l\001\260\036\343\000n\000g\000\040\000k\000h\000\364\000n\000g\000\040\000k\000h\000\355}{section.2.3}% 19
\BOOKMARK [2][-]{subsection.2.3.2}{\376\377\001\020\036\267\000c\000\040\000t\036\243\000\040\000u\000s\000e\000\040\000c\000a\000s\000e\000\040\000X\000e\000m\000\040\000l\036\313\000c\000h\000\040\000s\036\