\BOOKMARK [1][-]{section.0.1}{\376\377\000K\000i\036\277\000n\000\040\000t\000r\000\372\000c\000\040\000t\036\325\000n\000g\000\040\000t\000h\036\303\000\040\000h\036\307\000\040\000t\000h\036\321\000n\000g}{}% 1
\BOOKMARK [1][-]{section.0.2}{\376\377\000N\036\301\000n\000\040\000t\036\243\000n\000g\000\040\000p\000h\036\247\000n\000\040\000c\036\351\000n\000g\000\040\000I\000o\000T}{}% 2
\BOOKMARK [2][-]{subsection.0.2.1}{\376\377\000V\000i\000\040\001\021\000i\036\301\000u\000\040\000k\000h\000i\036\303\000n\000\040\000E\000S\000P\0003\0002}{section.0.2}% 3
\BOOKMARK [2][-]{subsection.0.2.2}{\376\377\000M\000o\000d\000u\000l\000e\000\040\000c\036\243\000m\000\040\000b\000i\036\277\000n}{section.0.2}% 4
\BOOKMARK [1][-]{section.0.3}{\376\377\000G\000i\000a\000o\000\040\000t\000h\036\351\000c\000\040\000t\000r\000u\000y\036\301\000n\000\040\000t\000h\000\364\000n\000g\000\040\000L\000o\000R\000a}{}% 5
\BOOKMARK [2][-]{subsection.0.3.1}{\376\377\000T\036\325\000n\000g\000\040\000q\000u\000a\000n\000\040\000v\036\301\000\040\000L\000o\000R\000a}{section.0.3}% 6
\BOOKMARK [2][-]{subsection.0.3.2}{\376\377\000M\000o\000d\000u\000l\000e\000\040\000A\000S\0003\0002\000-\000T\000T\000L\000-\0001\0000\0000}{section.0.3}% 7
\BOOKMARK [1][-]{section.0.4}{\376\377\000C\000\364\000n\000g\000\040\000n\000g\000h\036\307\000\040\000p\000h\036\247\000n\000\040\000m\036\301\000m\000\040\000p\000h\000\355\000a\000\040\000m\000\341\000y\000\040\000c\000h\036\347}{}% 8
\BOOKMARK [2][-]{subsection.0.4.1}{\376\377\000N\000o\000d\000e\000.\000j\000s\000\040\000v\000\340\000\040\000E\000x\000p\000r\000e\000s\000s}{section.0.4}% 9
\BOOKMARK [2][-]{subsection.0.4.2}{\376\377\000P\000o\000s\000t\000g\000r\000e\000S\000Q\000L\000,\000\040\000T\000i\000m\000e\000s\000c\000a\000l\000e\000D\000B\000\040\000v\000\340\000\040\000P\000o\000s\000t\000G\000I\000S}{section.0.4}% 10
\BOOKMARK [2][-]{subsection.0.4.3}{\376\377\000P\000r\000i\000s\000m\000a\000\040\000O\000R\000M}{section.0.4}% 11
\BOOKMARK [2][-]{subsection.0.4.4}{\376\377\000S\000o\000c\000k\000e\000t\000.\000I\000O}{section.0.4}% 12
\BOOKMARK [1][-]{section.0.5}{\376\377\000C\000\364\000n\000g\000\040\000n\000g\000h\036\307\000\040\000p\000h\036\247\000n\000\040\000m\036\301\000m\000\040\000p\000h\000\355\000a\000\040\000g\000i\000a\000o\000\040\000d\000i\036\307\000n}{}% 13
\BOOKMARK [2][-]{subsection.0.5.1}{\376\377\000R\000e\000a\000c\000t\000\040\000v\000\340\000\040\000V\000i\000t\000e}{section.0.5}% 14
\BOOKMARK [2][-]{subsection.0.5.2}{\376\377\000T\000h\001\260\000\040\000v\000i\036\307\000n\000\040\000t\000r\036\361\000c\000\040\000q\000u\000a\000n\000\040\000h\000\363\000a\000\040\000d\036\357\000\040\000l\000i\036\307\000u}{section.0.5}% 15
\BOOKMARK [1][-]{section.0.6}{\376\377\000L\000\375\000\040\000t\000h\000u\000y\036\277\000t\000\040\000t\000\355\000n\000h\000\040\000t\000o\000\341\000n\000\040\000c\000h\036\311\000\040\000s\036\321\000\040\000c\000h\036\245\000t\000\040\000l\001\260\036\343\000n\000g\000\040\000k\000h\000\364\000n\000g\000\040\000k\000h\000\355}{}% 16
\BOOKMARK [2][-]{subsection.0.6.1}{\376\377\000K\000h\000\341\000i\000\040\000n\000i\036\307\000m\000\040\000v\000\340\000\040\000p\000h\000\342\000n\000\040\000l\000o\036\241\000i\000\040\000m\036\351\000c\000\040\000A\000Q\000I}{section.0.6}% 17
\BOOKMARK [2][-]{subsection.0.6.2}{\376\377\000C\000\364\000n\000g\000\040\000t\000h\036\351\000c\000\040\000v\000\340\000\040\000b\036\243\000n\000g\000\040\001\021\000i\036\303\000m\000\040\000n\000g\036\257\000t}{section.0.6}% 18
\BOOKMARK [2][-]{subsection.0.6.3}{\376\377\000V\000\355\000\040\000d\036\345\000\040\000t\000\355\000n\000h\000\040\000t\000o\000\341\000n}{section.0.6}% 19
\BOOKMARK [1][-]{section.0.7}{\376\377\000H\036\241\000\040\000t\036\247\000n\000g\000\040\000t\000r\000i\036\303\000n\000\040\000k\000h\000a\000i}{}% 20
\BOOKMARK [2][-]{subsection.0.7.1}{\376\377\000D\000o\000c\000k\000e\000r\000\040\000v\000\340\000\040\000D\000o\000c\000k\000e\000r\000\040\000C\000o\000m\000p\000o\000s\000e}{section.0.7}% 21
\BOOKMARK [2][-]{subsection.0.7.2}{\376\377\000N\000g\000i\000n\000x}{section.0.7}% 22
