\BOOKMARK [1][-]{section.0.1}{\376\377\000T\000h\000i\036\277\000t\000\040\000k\036\277\000\040\000k\000i\036\277\000n\000\040\000t\000r\000\372\000c}{}% 1
\BOOKMARK [2][-]{subsection.0.1.1}{\376\377\000L\036\361\000a\000\040\000c\000h\036\315\000n\000\040\000k\000i\036\277\000n\000\040\000t\000r\000\372\000c\000\040\000p\000h\036\247\000n\000\040\000m\036\301\000m}{section.0.1}% 2
\BOOKMARK [2][-]{subsection.0.1.2}{\376\377\000T\000h\000i\036\277\000t\000\040\000k\036\277\000\040\000t\036\325\000n\000g\000\040\000q\000u\000a\000n}{section.0.1}% 3
\BOOKMARK [2][-]{subsection.0.1.3}{\376\377\000M\000\364\000\040\000t\036\243\000\040\000l\000u\036\323\000n\000g\000\040\000d\036\357\000\040\000l\000i\036\307\000u\000\040\000g\000i\036\357\000a\000\040\000c\000\341\000c\000\040\000g\000\363\000i}{section.0.1}% 4
\BOOKMARK [1][-]{section.0.2}{\376\377\000T\000h\000i\036\277\000t\000\040\000k\036\277\000\040\000c\000h\000i\000\040\000t\000i\036\277\000t}{}% 5
\BOOKMARK [2][-]{subsection.0.2.1}{\376\377\000T\000h\000i\036\277\000t\000\040\000k\036\277\000\040\000p\000h\036\247\000n\000\040\000c\036\351\000n\000g}{section.0.2}% 6
\BOOKMARK [2][-]{subsection.0.2.2}{\376\377\000T\000h\000i\036\277\000t\000\040\000k\036\277\000\040\000f\000i\000r\000m\000w\000a\000r\000e}{section.0.2}% 7
\BOOKMARK [2][-]{subsection.0.2.3}{\376\377\000T\000h\000i\036\277\000t\000\040\000k\036\277\000\040\000g\000i\000a\000o\000\040\000d\000i\036\307\000n}{section.0.2}% 8
\BOOKMARK [2][-]{subsection.0.2.4}{\376\377\000T\000h\000i\036\277\000t\000\040\000k\036\277\000\040\000m\000o\000d\000u\000l\000e\000\040\000B\000a\000c\000k\000e\000n\000d}{section.0.2}% 9
\BOOKMARK [2][-]{subsection.0.2.5}{\376\377\000T\000h\000i\036\277\000t\000\040\000k\036\277\000\040\000c\001\241\000\040\000s\036\337\000\040\000d\036\357\000\040\000l\000i\036\307\000u}{section.0.2}% 10
\BOOKMARK [1][-]{section.0.3}{\376\377\000X\000\342\000y\000\040\000d\036\361\000n\000g\000\040\036\351\000n\000g\000\040\000d\036\345\000n\000g}{}% 11
\BOOKMARK [2][-]{subsection.0.3.1}{\376\377\000T\000h\001\260\000\040\000v\000i\036\307\000n\000\040\000v\000\340\000\040\000c\000\364\000n\000g\000\040\000c\036\345\000\040\000s\036\355\000\040\000d\036\345\000n\000g}{section.0.3}% 12
\BOOKMARK [2][-]{subsection.0.3.2}{\376\377\000K\036\277\000t\000\040\000q\000u\036\243\000\040\001\021\036\241\000t\000\040\001\021\001\260\036\343\000c}{section.0.3}% 13
\BOOKMARK [2][-]{subsection.0.3.3}{\376\377\000M\000i\000n\000h\000\040\000h\036\315\000a\000\040\000c\000\341\000c\000\040\000c\000h\036\351\000c\000\040\000n\001\003\000n\000g\000\040\000c\000h\000\355\000n\000h}{section.0.3}% 14
\BOOKMARK [1][-]{section.0.4}{\376\377\000K\000i\036\303\000m\000\040\000t\000h\036\355}{}% 15
\BOOKMARK [2][-]{subsection.0.4.1}{\376\377\000K\000i\036\303\000m\000\040\000t\000h\036\355\000\040\000c\000h\036\351\000c\000\040\000n\001\003\000n\000g\000\040\000X\000e\000m\000\040\000d\000a\000s\000h\000b\000o\000a\000r\000d}{section.0.4}% 16
\BOOKMARK [2][-]{subsection.0.4.2}{\376\377\000K\000i\036\303\000m\000\040\000t\000h\036\355\000\040\000c\000h\036\351\000c\000\040\000n\001\003\000n\000g\000\040\000Q\000u\036\243\000n\000\040\000l\000\375\000\040\000t\000h\000i\036\277\000t\000\040\000b\036\313}{section.0.4}% 17
\BOOKMARK [2][-]{subsection.0.4.3}{\376\377\000K\000i\036\303\000m\000\040\000t\000h\036\355\000\040\000c\000h\036\351\000c\000\040\000n\001\003\000n\000g\000\040\000G\000i\000\341\000m\000\040\000s\000\341\000t\000\040\000c\036\243\000n\000h\000\040\000b\000\341\000o}{section.0.4}% 18
\BOOKMARK [2][-]{subsection.0.4.4}{\376\377\000T\036\325\000n\000g\000\040\000k\036\277\000t\000\040\000k\000i\036\303\000m\000\040\000t\000h\036\355}{section.0.4}% 19
\BOOKMARK [1][-]{section.0.5}{\376\377\000T\000r\000i\036\303\000n\000\040\000k\000h\000a\000i}{}% 20
\BOOKMARK [2][-]{subsection.0.5.1}{\376\377\000S\000o\000\040\000s\000\341\000n\000h\000\040\000v\036\333\000i\000\040\000c\000\341\000c\000\040\000h\036\307\000\040\000t\000h\036\321\000n\000g\000\040\000h\000i\036\307\000n\000\040\000c\000\363}{section.0.5}% 21
